app/dashboard/[storeId]/[branchId]/layout.tsx(13,31): error TS2322: Type '{ children: Element; branchId: string; }' is not assignable to type 'IntrinsicAttributes & { children: ReactNode; storeId: string; }'.
  Property 'branchId' does not exist on type 'IntrinsicAttributes & { children: ReactNode; storeId: string; }'.
components/3d/POSScene.tsx(14,34): error TS2339: Property 'emissiveIntensity' does not exist on type 'Material | Material[]'.
  Property 'emissiveIntensity' does not exist on type 'Material'.
components/DeleteCustomerDialog.tsx(25,28): error TS2554: Expected 2 arguments, but got 1.
components/DeleteStaffDialog.tsx(24,19): error TS2554: Expected 2 arguments, but got 1.
components/EditCustomerDialog.tsx(48,28): error TS2554: Expected 3 arguments, but got 2.
components/EditStaffDialog.tsx(41,19): error TS2554: Expected 3 arguments, but got 2.
components/ProtectedRoute.tsx(25,63): error TS2339: Property 'canAccessRole' does not exist on type '{ userRole: Role; hasPermission: (permission: Permission) => boolean; hasAnyPermission: (permissions: Permission[]) => boolean; hasAllPermissions: (permissions: Permission[]) => boolean; ... 6 more ...; canUsePOS: boolean; }'.
components/SaleDetailsDialog.tsx(59,15): error TS2345: Argument of type '{ status: "pending" | "completed" | "cancelled" | "refunded"; _id: string; storeId: Schema.Types.ObjectId; saleNumber: string; customerId?: Schema.Types.ObjectId; ... 24 more ...; schema: Schema; }' is not assignable to parameter of type 'SetStateAction<ISale | null>'.
  Type '{ status: "pending" | "completed" | "cancelled" | "refunded"; _id: string; storeId: ObjectId; saleNumber: string; customerId?: ObjectId | undefined; customerName?: string | undefined; ... 23 more ...; schema: Schema<...>; }' is missing the following properties from type 'ISale': $assertPopulated, $clearModifiedPaths, $clone, $createModifiedPathsSnapshot, and 43 more.
components/SocialMediaClient.tsx(55,20): error TS2345: Argument of type 'string | undefined' is not assignable to parameter of type 'SetStateAction<string>'.
  Type 'undefined' is not assignable to type 'SetStateAction<string>'.
components/SocialMediaClient.tsx(74,20): error TS2345: Argument of type 'string | undefined' is not assignable to parameter of type 'SetStateAction<string>'.
  Type 'undefined' is not assignable to type 'SetStateAction<string>'.
components/ui/chart.tsx(109,3): error TS2339: Property 'payload' does not exist on type 'Omit<Props<ValueType, NameType>, PropertiesReadFromContext> & { active?: boolean | undefined; allowEscapeViewBox?: AllowInDimension | undefined; ... 17 more ...; wrapperStyle?: CSSProperties | undefined; } & ClassAttributes<...> & HTMLAttributes<...> & { ...; }'.
components/ui/chart.tsx(114,3): error TS2339: Property 'label' does not exist on type 'Omit<Props<ValueType, NameType>, PropertiesReadFromContext> & { active?: boolean | undefined; allowEscapeViewBox?: AllowInDimension | undefined; ... 17 more ...; wrapperStyle?: CSSProperties | undefined; } & ClassAttributes<...> & HTMLAttributes<...> & { ...; }'.
components/ui/chart.tsx(183,20): error TS7006: Parameter 'item' implicitly has an 'any' type.
components/ui/chart.tsx(184,17): error TS7006: Parameter 'item' implicitly has an 'any' type.
components/ui/chart.tsx(184,23): error TS7006: Parameter 'index' implicitly has an 'any' type.
components/ui/chart.tsx(262,39): error TS2344: Type '"payload" | "verticalAlign"' does not satisfy the constraint '"string" | "key" | "id" | "type" | "name" | "filter" | "fill" | "values" | "result" | "cursor" | "version" | "min" | "max" | "transform" | "path" | "role" | "method" | "local" | "mode" | ... 427 more ... | "onBBoxUpdate"'.
  Type '"payload"' is not assignable to type '"string" | "key" | "id" | "type" | "name" | "filter" | "fill" | "values" | "result" | "cursor" | "version" | "min" | "max" | "transform" | "path" | "role" | "method" | "local" | "mode" | ... 427 more ... | "onBBoxUpdate"'.
components/ui/chart.tsx(268,17): error TS2339: Property 'length' does not exist on type '{}'.
components/ui/chart.tsx(281,10): error TS2339: Property 'filter' does not exist on type '{}'.
components/ui/chart.tsx(281,18): error TS7006: Parameter 'item' implicitly has an 'any' type.
components/ui/chart.tsx(282,15): error TS7006: Parameter 'item' implicitly has an 'any' type.
components/ui/resizable.tsx(12,51): error TS2339: Property 'PanelGroup' does not exist on type 'typeof import("C:/Users/Jr/Desktop/retail-pos/node_modules/react-resizable-panels/dist/react-resizable-panels")'.
components/ui/resizable.tsx(14,25): error TS2339: Property 'PanelGroup' does not exist on type 'typeof import("C:/Users/Jr/Desktop/retail-pos/node_modules/react-resizable-panels/dist/react-resizable-panels")'.
components/ui/resizable.tsx(35,51): error TS2339: Property 'PanelResizeHandle' does not exist on type 'typeof import("C:/Users/Jr/Desktop/retail-pos/node_modules/react-resizable-panels/dist/react-resizable-panels")'.
components/ui/resizable.tsx(39,25): error TS2339: Property 'PanelResizeHandle' does not exist on type 'typeof import("C:/Users/Jr/Desktop/retail-pos/node_modules/react-resizable-panels/dist/react-resizable-panels")'.
components/ui/resizable.tsx(52,26): error TS2339: Property 'PanelResizeHandle' does not exist on type 'typeof import("C:/Users/Jr/Desktop/retail-pos/node_modules/react-resizable-panels/dist/react-resizable-panels")'.
lib/actions/billing.actions.ts(83,33): error TS2339: Property 'monthlyPrice' does not exist on type '{ monthlyTotal: number; pricePerBranch: number; branchCount: number; currency: string; nextBillingDate: Date; trialEndsAt: Date; status: string; paymentStatus: string; isBlocked: boolean; paymentHistory: { ...; }[]; }'.
lib/actions/billing.actions.ts(93,66): error TS2345: Argument of type '{ email: string; amount: any; reference: string; callback_url: string; metadata: { storeId: string; userId: string; plan: string; }; }' is not assignable to parameter of type 'PaystackPaymentData'.
  Types of property 'metadata' are incompatible.
    Property 'branches' is missing in type '{ storeId: string; userId: string; plan: string; }' but required in type '{ storeId: string; userId: string; plan: string; branches: number; }'.
lib/actions/billing.actions.ts(122,43): error TS2345: Argument of type '{ reference: any; amount: number; status: string; paymentMethod: string; paidAt: Date; gateway_response: any; }' is not assignable to parameter of type '{ reference: string; amount: number; status: string; paidAt: Date; paymentMethod: string; transactionId: string; }'.
  Property 'transactionId' is missing in type '{ reference: any; amount: number; status: string; paymentMethod: string; paidAt: Date; gateway_response: any; }' but required in type '{ reference: string; amount: number; status: string; paidAt: Date; paymentMethod: string; transactionId: string; }'.
lib/actions/dashboard.actions.ts(45,7): error TS2769: No overload matches this call.
  Overload 1 of 4, '(filter?: _QueryFilter<{ _id: string; storeId: ObjectId; status: NonNullable<"pending" | "completed" | "cancelled" | "refunded">; createdAt: Date; updatedAt: Date; ... 320 more ...; "cashierId.validateAll": (validators: (RegExp | ... 1 more ... | ValidatorFunction<...>)[]) => ObjectId; }> | undefined, projection?: ProjectionType<...> | ... 1 more ... | undefined, options?: (QueryOptions<...> & Abortable) | undefined): Query<...>', gave the following error.
    Type 'ObjectId' is not assignable to type 'Condition<ApplyBasicQueryCasting<ObjectId>> | undefined'.
      Type 'ObjectId' is not assignable to type 'FilterOperators<ObjectId | ObjectId[] | null>'.
        Types of property 'id' are incompatible.
          Type 'Uint8Array<ArrayBufferLike>' is not assignable to type 'undefined'.
  Overload 2 of 4, '(filter?: Query<any, any, {}, unknown, "find", Record<string, never>> | undefined, projection?: ProjectionType<ISale> | null | undefined, options?: (QueryOptions<...> & Abortable) | undefined): Query<...>', gave the following error.
    Object literal may only specify known properties, and 'storeId' does not exist in type 'Query<any, any, {}, unknown, "find", Record<string, never>>'.
lib/actions/dashboard.actions.ts(53,7): error TS2769: No overload matches this call.
  Overload 1 of 4, '(filter?: _QueryFilter<{ _id: string; storeId: ObjectId; status: NonNullable<"pending" | "completed" | "cancelled" | "refunded">; createdAt: Date; updatedAt: Date; ... 320 more ...; "cashierId.validateAll": (validators: (RegExp | ... 1 more ... | ValidatorFunction<...>)[]) => ObjectId; }> | undefined, projection?: ProjectionType<...> | ... 1 more ... | undefined, options?: (QueryOptions<...> & Abortable) | undefined): Query<...>', gave the following error.
    Type 'ObjectId' is not assignable to type 'Condition<ApplyBasicQueryCasting<ObjectId>> | undefined'.
      Type 'ObjectId' is not assignable to type 'FilterOperators<ObjectId | ObjectId[] | null>'.
        Types of property 'id' are incompatible.
          Type 'Uint8Array<ArrayBufferLike>' is not assignable to type 'undefined'.
  Overload 2 of 4, '(filter?: Query<any, any, {}, unknown, "find", Record<string, never>> | undefined, projection?: ProjectionType<ISale> | null | undefined, options?: (QueryOptions<...> & Abortable) | undefined): Query<...>', gave the following error.
    Object literal may only specify known properties, and 'storeId' does not exist in type 'Query<any, any, {}, unknown, "find", Record<string, never>>'.
lib/actions/dashboard.actions.ts(58,7): error TS2769: No overload matches this call.
  Overload 1 of 4, '(filter?: _QueryFilter<{ _id: string; storeId: ObjectId; status: NonNullable<"pending" | "completed" | "cancelled" | "refunded">; createdAt: Date; updatedAt: Date; ... 320 more ...; "cashierId.validateAll": (validators: (RegExp | ... 1 more ... | ValidatorFunction<...>)[]) => ObjectId; }> | undefined, projection?: ProjectionType<...> | ... 1 more ... | undefined, options?: (QueryOptions<...> & Abortable) | undefined): Query<...>', gave the following error.
    Type 'ObjectId' is not assignable to type 'Condition<ApplyBasicQueryCasting<ObjectId>> | undefined'.
      Type 'ObjectId' is not assignable to type 'FilterOperators<ObjectId | ObjectId[] | null>'.
        Types of property 'id' are incompatible.
          Type 'Uint8Array<ArrayBufferLike>' is not assignable to type 'undefined'.
  Overload 2 of 4, '(filter?: Query<any, any, {}, unknown, "find", Record<string, never>> | undefined, projection?: ProjectionType<ISale> | null | undefined, options?: (QueryOptions<...> & Abortable) | undefined): Query<...>', gave the following error.
    Object literal may only specify known properties, and 'storeId' does not exist in type 'Query<any, any, {}, unknown, "find", Record<string, never>>'.
lib/actions/dashboard.actions.ts(70,7): error TS2769: No overload matches this call.
  Overload 1 of 4, '(filter?: _QueryFilter<{ _id: string; storeId: ObjectId; createdAt: Date; updatedAt: Date; $assertPopulated: <Paths = {}>(path: string | string[], values?: Partial<Paths> | undefined) => Omit<...> & Paths; ... 296 more ...; "supplierInfo.address": string | undefined; }> | undefined, projection?: ProjectionType<...> | ... 1 more ... | undefined, options?: (QueryOptions<...> & Abortable) | undefined): Query<...>', gave the following error.
    Type 'ObjectId' is not assignable to type 'Condition<ApplyBasicQueryCasting<ObjectId>> | undefined'.
      Type 'ObjectId' is not assignable to type 'FilterOperators<ObjectId | ObjectId[] | null>'.
        Types of property 'id' are incompatible.
          Type 'Uint8Array<ArrayBufferLike>' is not assignable to type 'undefined'.
  Overload 2 of 4, '(filter?: Query<any, any, {}, unknown, "find", Record<string, never>> | undefined, projection?: ProjectionType<IProduct> | null | undefined, options?: (QueryOptions<...> & Abortable) | undefined): Query<...>', gave the following error.
    Object literal may only specify known properties, and 'storeId' does not exist in type 'Query<any, any, {}, unknown, "find", Record<string, never>>'.
lib/actions/dashboard.actions.ts(78,7): error TS2769: No overload matches this call.
  Overload 1 of 2, '(filter?: _QueryFilter<{ _id: string; storeId: ObjectId; createdAt: Date; updatedAt: Date; $assertPopulated: <Paths = {}>(path: string | string[], values?: Partial<Paths> | undefined) => Omit<...> & Paths; ... 250 more ...; lastVisit: Date; }> | undefined, options?: (CountOptions & ... 2 more ... & Abortable) | ... 1 more ... | undefined): Query<...>', gave the following error.
    Type 'ObjectId' is not assignable to type 'Condition<ApplyBasicQueryCasting<ObjectId>> | undefined'.
      Type 'ObjectId' is not assignable to type 'FilterOperators<ObjectId | ObjectId[] | null>'.
        Types of property 'id' are incompatible.
          Type 'Uint8Array<ArrayBufferLike>' is not assignable to type 'undefined'.
  Overload 2 of 2, '(filter?: Query<any, any, {}, unknown, "find", Record<string, never>> | undefined, options?: (CountOptions & Pick<QueryOptions<ICustomer>, "timestamps" | ... 1 more ... | "lean"> & { ...; } & Abortable) | null | undefined): Query<...>', gave the following error.
    Object literal may only specify known properties, and 'storeId' does not exist in type 'Query<any, any, {}, unknown, "find", Record<string, never>>'.
lib/actions/dashboard.actions.ts(82,7): error TS2769: No overload matches this call.
  Overload 1 of 2, '(filter?: _QueryFilter<{ _id: string; storeId: ObjectId; createdAt: Date; updatedAt: Date; $assertPopulated: <Paths = {}>(path: string | string[], values?: Partial<Paths> | undefined) => Omit<...> & Paths; ... 250 more ...; lastVisit: Date; }> | undefined, options?: (CountOptions & ... 2 more ... & Abortable) | ... 1 more ... | undefined): Query<...>', gave the following error.
    Type 'ObjectId' is not assignable to type 'Condition<ApplyBasicQueryCasting<ObjectId>> | undefined'.
      Type 'ObjectId' is not assignable to type 'FilterOperators<ObjectId | ObjectId[] | null>'.
        Types of property 'id' are incompatible.
          Type 'Uint8Array<ArrayBufferLike>' is not assignable to type 'undefined'.
  Overload 2 of 2, '(filter?: Query<any, any, {}, unknown, "find", Record<string, never>> | undefined, options?: (CountOptions & Pick<QueryOptions<ICustomer>, "timestamps" | ... 1 more ... | "lean"> & { ...; } & Abortable) | null | undefined): Query<...>', gave the following error.
    Object literal may only specify known properties, and 'storeId' does not exist in type 'Query<any, any, {}, unknown, "find", Record<string, never>>'.
lib/actions/dashboard.actions.ts(96,9): error TS2769: No overload matches this call.
  Overload 1 of 4, '(filter?: _QueryFilter<{ _id: string; storeId: ObjectId; status: NonNullable<"pending" | "completed" | "cancelled" | "refunded">; createdAt: Date; updatedAt: Date; ... 320 more ...; "cashierId.validateAll": (validators: (RegExp | ... 1 more ... | ValidatorFunction<...>)[]) => ObjectId; }> | undefined, projection?: ProjectionType<...> | ... 1 more ... | undefined, options?: (QueryOptions<...> & Abortable) | undefined): Query<...>', gave the following error.
    Type 'ObjectId' is not assignable to type 'Condition<ApplyBasicQueryCasting<ObjectId>> | undefined'.
      Type 'ObjectId' is not assignable to type 'FilterOperators<ObjectId | ObjectId[] | null>'.
        Types of property 'id' are incompatible.
          Type 'Uint8Array<ArrayBufferLike>' is not assignable to type 'undefined'.
  Overload 2 of 4, '(filter?: Query<any, any, {}, unknown, "find", Record<string, never>> | undefined, projection?: ProjectionType<ISale> | null | undefined, options?: (QueryOptions<...> & Abortable) | undefined): Query<...>', gave the following error.
    Object literal may only specify known properties, and 'storeId' does not exist in type 'Query<any, any, {}, unknown, "find", Record<string, never>>'.
lib/actions/dashboard.actions.ts(109,7): error TS2769: No overload matches this call.
  Overload 1 of 4, '(filter?: _QueryFilter<{ _id: string; storeId: ObjectId; status: NonNullable<"pending" | "completed" | "cancelled" | "refunded">; createdAt: Date; updatedAt: Date; ... 320 more ...; "cashierId.validateAll": (validators: (RegExp | ... 1 more ... | ValidatorFunction<...>)[]) => ObjectId; }> | undefined, projection?: ProjectionType<...> | ... 1 more ... | undefined, options?: (QueryOptions<...> & Abortable) | undefined): Query<...>', gave the following error.
    Type 'ObjectId' is not assignable to type 'Condition<ApplyBasicQueryCasting<ObjectId>> | undefined'.
      Type 'ObjectId' is not assignable to type 'FilterOperators<ObjectId | ObjectId[] | null>'.
        Types of property 'id' are incompatible.
          Type 'Uint8Array<ArrayBufferLike>' is not assignable to type 'undefined'.
  Overload 2 of 4, '(filter?: Query<any, any, {}, unknown, "find", Record<string, never>> | undefined, projection?: ProjectionType<ISale> | null | undefined, options?: (QueryOptions<...> & Abortable) | undefined): Query<...>', gave the following error.
    Object literal may only specify known properties, and 'storeId' does not exist in type 'Query<any, any, {}, unknown, "find", Record<string, never>>'.
lib/actions/dashboard.actions.ts(139,7): error TS2769: No overload matches this call.
  Overload 1 of 4, '(filter?: _QueryFilter<{ _id: string; storeId: ObjectId; status: NonNullable<"pending" | "completed" | "cancelled" | "refunded">; createdAt: Date; updatedAt: Date; ... 320 more ...; "cashierId.validateAll": (validators: (RegExp | ... 1 more ... | ValidatorFunction<...>)[]) => ObjectId; }> | undefined, projection?: ProjectionType<...> | ... 1 more ... | undefined, options?: (QueryOptions<...> & Abortable) | undefined): Query<...>', gave the following error.
    Type 'ObjectId' is not assignable to type 'Condition<ApplyBasicQueryCasting<ObjectId>> | undefined'.
      Type 'ObjectId' is not assignable to type 'FilterOperators<ObjectId | ObjectId[] | null>'.
        Types of property 'id' are incompatible.
          Type 'Uint8Array<ArrayBufferLike>' is not assignable to type 'undefined'.
  Overload 2 of 4, '(filter?: Query<any, any, {}, unknown, "find", Record<string, never>> | undefined, projection?: ProjectionType<ISale> | null | undefined, options?: (QueryOptions<...> & Abortable) | undefined): Query<...>', gave the following error.
    Object literal may only specify known properties, and 'storeId' does not exist in type 'Query<any, any, {}, unknown, "find", Record<string, never>>'.
lib/actions/dashboard.actions.ts(147,7): error TS2769: No overload matches this call.
  Overload 1 of 2, '(filter?: _QueryFilter<{ _id: string; storeId: ObjectId; createdAt: Date; updatedAt: Date; $assertPopulated: <Paths = {}>(path: string | string[], values?: Partial<Paths> | undefined) => Omit<...> & Paths; ... 253 more ...; "schema.virtualpath": (name: string) => VirtualType<...> | null; }> | undefined, options?: (CountOptions & ... 2 more ... & Abortable) | ... 1 more ... | undefined): Query<...>', gave the following error.
    Type 'ObjectId' is not assignable to type 'Condition<ApplyBasicQueryCasting<ObjectId>> | undefined'.
      Type 'ObjectId' is not assignable to type 'FilterOperators<ObjectId | ObjectId[] | null>'.
        Types of property 'id' are incompatible.
          Type 'Uint8Array<ArrayBufferLike>' is not assignable to type 'undefined'.
  Overload 2 of 2, '(filter?: Query<any, any, {}, unknown, "find", Record<string, never>> | undefined, options?: (CountOptions & Pick<QueryOptions<IUser>, "timestamps" | ... 1 more ... | "lean"> & { ...; } & Abortable) | null | undefined): Query<...>', gave the following error.
    Object literal may only specify known properties, and 'storeId' does not exist in type 'Query<any, any, {}, unknown, "find", Record<string, never>>'.
lib/actions/notification.actions.ts(26,7): error TS2769: No overload matches this call.
  The last overload gave the following error.
    Type 'ObjectId' has no properties in common with type '{ readonly schemaName?: "ObjectId" | undefined; auto?: ((turnOn: boolean) => ObjectId) | undefined; $conditionalHandlers?: { [x: string]: ((val: any, context: any) => any) | undefined; } | undefined; ... 23 more ...; validateAll?: ((validators: (RegExp | ... 1 more ... | ValidatorFunction<...>)[]) => ObjectId) | und...'.
      Type 'string' has no properties in common with type '{ readonly schemaName?: "ObjectId" | undefined; auto?: ((turnOn: boolean) => ObjectId) | undefined; $conditionalHandlers?: { [x: string]: ((val: any, context: any) => any) | undefined; } | undefined; ... 23 more ...; validateAll?: ((validators: (RegExp | ... 1 more ... | ValidatorFunction<...>)[]) => ObjectId) | und...'.
lib/actions/notification.actions.ts(27,22): error TS2339: Property 'branchId' does not exist on type 'ISale & Required<{ _id: string; }> & { __v: number; }'.
lib/actions/notification.actions.ts(31,7): error TS2769: No overload matches this call.
  The last overload gave the following error.
    Type 'ObjectId' has no properties in common with type '{ readonly schemaName?: "ObjectId" | undefined; auto?: ((turnOn: boolean) => ObjectId) | undefined; $conditionalHandlers?: { [x: string]: ((val: any, context: any) => any) | undefined; } | undefined; ... 23 more ...; validateAll?: ((validators: (RegExp | ... 1 more ... | ValidatorFunction<...>)[]) => ObjectId) | und...'.
      Type 'string' has no properties in common with type '{ readonly schemaName?: "ObjectId" | undefined; auto?: ((turnOn: boolean) => ObjectId) | undefined; $conditionalHandlers?: { [x: string]: ((val: any, context: any) => any) | undefined; } | undefined; ... 23 more ...; validateAll?: ((validators: (RegExp | ... 1 more ... | ValidatorFunction<...>)[]) => ObjectId) | und...'.
lib/actions/notification.actions.ts(37,55): error TS2339: Property '_id' does not exist on type 'never'.
lib/actions/notification.actions.ts(42,58): error TS2339: Property '_id' does not exist on type 'never'.
lib/actions/notification.actions.ts(67,7): error TS2769: No overload matches this call.
  The last overload gave the following error.
    Type 'ObjectId' has no properties in common with type '{ readonly schemaName?: "ObjectId" | undefined; auto?: ((turnOn: boolean) => ObjectId) | undefined; $conditionalHandlers?: { [x: string]: ((val: any, context: any) => any) | undefined; } | undefined; ... 23 more ...; validateAll?: ((validators: (RegExp | ... 1 more ... | ValidatorFunction<...>)[]) => ObjectId) | und...'.
      Type 'string' has no properties in common with type '{ readonly schemaName?: "ObjectId" | undefined; auto?: ((turnOn: boolean) => ObjectId) | undefined; $conditionalHandlers?: { [x: string]: ((val: any, context: any) => any) | undefined; } | undefined; ... 23 more ...; validateAll?: ((validators: (RegExp | ... 1 more ... | ValidatorFunction<...>)[]) => ObjectId) | und...'.
lib/actions/notification.actions.ts(68,22): error TS2339: Property 'branchId' does not exist on type 'ISale & Required<{ _id: string; }> & { __v: number; }'.
lib/actions/notification.actions.ts(73,7): error TS2769: No overload matches this call.
  The last overload gave the following error.
    Type 'ObjectId' has no properties in common with type '{ readonly schemaName?: "ObjectId" | undefined; auto?: ((turnOn: boolean) => ObjectId) | undefined; $conditionalHandlers?: { [x: string]: ((val: any, context: any) => any) | undefined; } | undefined; ... 23 more ...; validateAll?: ((validators: (RegExp | ... 1 more ... | ValidatorFunction<...>)[]) => ObjectId) | und...'.
      Type 'string' has no properties in common with type '{ readonly schemaName?: "ObjectId" | undefined; auto?: ((turnOn: boolean) => ObjectId) | undefined; $conditionalHandlers?: { [x: string]: ((val: any, context: any) => any) | undefined; } | undefined; ... 23 more ...; validateAll?: ((validators: (RegExp | ... 1 more ... | ValidatorFunction<...>)[]) => ObjectId) | und...'.
lib/actions/notification.actions.ts(79,55): error TS2339: Property '_id' does not exist on type 'never'.
lib/actions/notification.actions.ts(84,58): error TS2339: Property '_id' does not exist on type 'never'.
lib/actions/offline.actions.ts(16,7): error TS2769: No overload matches this call.
  The last overload gave the following error.
    Type 'ObjectId' has no properties in common with type '{ readonly schemaName?: "ObjectId" | undefined; auto?: ((turnOn: boolean) => ObjectId) | undefined; $conditionalHandlers?: { [x: string]: ((val: any, context: any) => any) | undefined; } | undefined; ... 23 more ...; validateAll?: ((validators: (RegExp | ... 1 more ... | ValidatorFunction<...>)[]) => ObjectId) | und...'.
lib/actions/offline.actions.ts(23,56): error TS2339: Property '_id' does not exist on type 'never'.
lib/actions/offline.actions.ts(45,33): error TS2339: Property 'branchId' does not exist on type 'IOfflineSale & Required<{ _id: string; }> & { __v: number; }'.
lib/actions/pos-settings.actions.ts(31,15): error TS2769: No overload matches this call.
  The last overload gave the following error.
    Object literal may only specify known properties, and '_id' does not exist in type 'Query<any, any, {}, unknown, "find", Record<string, never>>'.
lib/actions/pos-settings.actions.ts(58,36): error TS2339: Property '_id' does not exist on type 'ModifyResult<IBranch>'.
lib/actions/pos-settings.actions.ts(59,38): error TS2339: Property 'name' does not exist on type 'ModifyResult<IBranch>'.
lib/actions/product.actions.ts(11,43): error TS2769: No overload matches this call.
  Overload 1 of 4, '(filter?: _QueryFilter<{ _id: string; storeId: ObjectId; createdAt: Date; updatedAt: Date; $assertPopulated: <Paths = {}>(path: string | string[], values?: Partial<Paths> | undefined) => Omit<...> & Paths; ... 296 more ...; "supplierInfo.address": string | undefined; }> | undefined, projection?: ProjectionType<...> | ... 1 more ... | undefined, options?: (QueryOptions<...> & Abortable) | undefined): Query<...>', gave the following error.
    Type 'string' is not assignable to type 'Condition<ApplyBasicQueryCasting<ObjectId>> | undefined'.
  Overload 2 of 4, '(filter?: Query<any, any, {}, unknown, "find", Record<string, never>> | undefined, projection?: ProjectionType<IProduct> | null | undefined, options?: (QueryOptions<...> & Abortable) | undefined): Query<...>', gave the following error.
    Object literal may only specify known properties, and 'storeId' does not exist in type 'Query<any, any, {}, unknown, "find", Record<string, never>>'.
lib/actions/product.actions.ts(37,9): error TS2769: No overload matches this call.
  The last overload gave the following error.
    Object literal may only specify known properties, and '_id' does not exist in type 'Query<any, any, {}, unknown, "find", Record<string, never>>'.
lib/actions/product.actions.ts(51,19): error TS2769: No overload matches this call.
  Overload 1 of 6, '(filter?: _QueryFilter<{ _id: string; storeId: ObjectId; createdAt: Date; updatedAt: Date; $assertPopulated: <Paths = {}>(path: string | string[], values?: Partial<Paths> | undefined) => Omit<...> & Paths; ... 296 more ...; "supplierInfo.address": string | undefined; }> | null | undefined, options?: QueryOptions<...> | ... 1 more ... | undefined): Query<...>', gave the following error.
    Type 'string' is not assignable to type 'Condition<ApplyBasicQueryCasting<ObjectId>> | undefined'.
  Overload 2 of 6, '(filter?: Query<any, any, {}, unknown, "find", Record<string, never>> | null | undefined, options?: QueryOptions<IProduct> | null | undefined): Query<...>', gave the following error.
    Object literal may only specify known properties, and '_id' does not exist in type 'Query<any, any, {}, unknown, "find", Record<string, never>>'.
lib/actions/product.actions.ts(62,35): error TS2769: No overload matches this call.
  Overload 1 of 4, '(filter?: _QueryFilter<{ _id: string; storeId: ObjectId; createdAt: Date; updatedAt: Date; $assertPopulated: <Paths = {}>(path: string | string[], values?: Partial<Paths> | undefined) => Omit<...> & Paths; ... 296 more ...; "supplierInfo.address": string | undefined; }> | undefined, projection?: ProjectionType<...> | ... 1 more ... | undefined, options?: (QueryOptions<...> & Abortable) | ... 1 more ... | undefined): Query<...>', gave the following error.
    Type 'string' is not assignable to type 'Condition<ApplyBasicQueryCasting<ObjectId>> | undefined'.
  Overload 2 of 4, '(filter?: Query<any, any, {}, unknown, "find", Record<string, never>> | undefined, projection?: ProjectionType<IProduct> | null | undefined, options?: (QueryOptions<...> & Abortable) | ... 1 more ... | undefined): Query<...>', gave the following error.
    Object literal may only specify known properties, and 'barcode' does not exist in type 'Query<any, any, {}, unknown, "find", Record<string, never>>'.
lib/actions/product.actions.ts(73,19): error TS2769: No overload matches this call.
  Overload 1 of 10, '(filter?: _QueryFilter<{ _id: string; storeId: ObjectId; createdAt: Date; updatedAt: Date; $assertPopulated: <Paths = {}>(path: string | string[], values?: Partial<Paths> | undefined) => Omit<...> & Paths; ... 296 more ...; "supplierInfo.address": string | undefined; }> | undefined, update?: UpdateQuery<...> | undefined, options?: QueryOptions<...> | ... 1 more ... | undefined): Query<...>', gave the following error.
    Type 'string' is not assignable to type 'Condition<ApplyBasicQueryCasting<ObjectId>> | undefined'.
  Overload 2 of 10, '(filter?: Query<any, any, {}, unknown, "find", Record<string, never>> | undefined, update?: UpdateQuery<IProduct> | undefined, options?: QueryOptions<IProduct> | null | undefined): Query<...>', gave the following error.
    Object literal may only specify known properties, and '_id' does not exist in type 'Query<any, any, {}, unknown, "find", Record<string, never>>'.
lib/actions/report.actions.ts(83,7): error TS2769: No overload matches this call.
  Overload 1 of 4, '(filter?: _QueryFilter<{ _id: string; storeId: ObjectId; status: NonNullable<"pending" | "completed" | "cancelled" | "refunded">; createdAt: Date; updatedAt: Date; ... 320 more ...; "cashierId.validateAll": (validators: (RegExp | ... 1 more ... | ValidatorFunction<...>)[]) => ObjectId; }> | undefined, projection?: ProjectionType<...> | ... 1 more ... | undefined, options?: (QueryOptions<...> & Abortable) | undefined): Query<...>', gave the following error.
    Type 'string' is not assignable to type 'Condition<ApplyBasicQueryCasting<ObjectId>> | undefined'.
  Overload 2 of 4, '(filter?: Query<any, any, {}, unknown, "find", Record<string, never>> | undefined, projection?: ProjectionType<ISale> | null | undefined, options?: (QueryOptions<...> & Abortable) | undefined): Query<...>', gave the following error.
    Object literal may only specify known properties, and 'storeId' does not exist in type 'Query<any, any, {}, unknown, "find", Record<string, never>>'.
lib/actions/report.actions.ts(89,7): error TS2769: No overload matches this call.
  Overload 1 of 4, '(filter?: _QueryFilter<{ _id: string; storeId: ObjectId; status: NonNullable<"pending" | "completed" | "cancelled" | "refunded">; createdAt: Date; updatedAt: Date; ... 320 more ...; "cashierId.validateAll": (validators: (RegExp | ... 1 more ... | ValidatorFunction<...>)[]) => ObjectId; }> | undefined, projection?: ProjectionType<...> | ... 1 more ... | undefined, options?: (QueryOptions<...> & Abortable) | undefined): Query<...>', gave the following error.
    Type 'string' is not assignable to type 'Condition<ApplyBasicQueryCasting<ObjectId>> | undefined'.
  Overload 2 of 4, '(filter?: Query<any, any, {}, unknown, "find", Record<string, never>> | undefined, projection?: ProjectionType<ISale> | null | undefined, options?: (QueryOptions<...> & Abortable) | undefined): Query<...>', gave the following error.
    Object literal may only specify known properties, and 'storeId' does not exist in type 'Query<any, any, {}, unknown, "find", Record<string, never>>'.
lib/actions/report.actions.ts(95,7): error TS2769: No overload matches this call.
  Overload 1 of 2, '(filter?: _QueryFilter<{ _id: string; storeId: ObjectId; createdAt: Date; updatedAt: Date; $assertPopulated: <Paths = {}>(path: string | string[], values?: Partial<Paths> | undefined) => Omit<...> & Paths; ... 250 more ...; lastVisit: Date; }> | undefined, options?: (CountOptions & ... 2 more ... & Abortable) | ... 1 more ... | undefined): Query<...>', gave the following error.
    Type 'string' is not assignable to type 'Condition<ApplyBasicQueryCasting<ObjectId>> | undefined'.
  Overload 2 of 2, '(filter?: Query<any, any, {}, unknown, "find", Record<string, never>> | undefined, options?: (CountOptions & Pick<QueryOptions<ICustomer>, "timestamps" | ... 1 more ... | "lean"> & { ...; } & Abortable) | null | undefined): Query<...>', gave the following error.
    Object literal may only specify known properties, and 'storeId' does not exist in type 'Query<any, any, {}, unknown, "find", Record<string, never>>'.
lib/actions/report.actions.ts(100,7): error TS2769: No overload matches this call.
  Overload 1 of 2, '(filter?: _QueryFilter<{ _id: string; storeId: ObjectId; createdAt: Date; updatedAt: Date; $assertPopulated: <Paths = {}>(path: string | string[], values?: Partial<Paths> | undefined) => Omit<...> & Paths; ... 250 more ...; lastVisit: Date; }> | undefined, options?: (CountOptions & ... 2 more ... & Abortable) | ... 1 more ... | undefined): Query<...>', gave the following error.
    Type 'string' is not assignable to type 'Condition<ApplyBasicQueryCasting<ObjectId>> | undefined'.
  Overload 2 of 2, '(filter?: Query<any, any, {}, unknown, "find", Record<string, never>> | undefined, options?: (CountOptions & Pick<QueryOptions<ICustomer>, "timestamps" | ... 1 more ... | "lean"> & { ...; } & Abortable) | null | undefined): Query<...>', gave the following error.
    Object literal may only specify known properties, and 'storeId' does not exist in type 'Query<any, any, {}, unknown, "find", Record<string, never>>'.
lib/actions/report.actions.ts(153,7): error TS2769: No overload matches this call.
  Overload 1 of 4, '(filter?: _QueryFilter<{ _id: string; storeId: ObjectId; status: NonNullable<"pending" | "completed" | "cancelled" | "refunded">; createdAt: Date; updatedAt: Date; ... 320 more ...; "cashierId.validateAll": (validators: (RegExp | ... 1 more ... | ValidatorFunction<...>)[]) => ObjectId; }> | undefined, projection?: ProjectionType<...> | ... 1 more ... | undefined, options?: (QueryOptions<...> & Abortable) | undefined): Query<...>', gave the following error.
    Type 'string' is not assignable to type 'Condition<ApplyBasicQueryCasting<ObjectId>> | undefined'.
  Overload 2 of 4, '(filter?: Query<any, any, {}, unknown, "find", Record<string, never>> | undefined, projection?: ProjectionType<ISale> | null | undefined, options?: (QueryOptions<...> & Abortable) | undefined): Query<...>', gave the following error.
    Object literal may only specify known properties, and 'storeId' does not exist in type 'Query<any, any, {}, unknown, "find", Record<string, never>>'.
lib/actions/report.actions.ts(195,7): error TS2769: No overload matches this call.
  Overload 1 of 4, '(filter?: _QueryFilter<{ _id: string; storeId: ObjectId; status: NonNullable<"pending" | "completed" | "cancelled" | "refunded">; createdAt: Date; updatedAt: Date; ... 320 more ...; "cashierId.validateAll": (validators: (RegExp | ... 1 more ... | ValidatorFunction<...>)[]) => ObjectId; }> | undefined, projection?: ProjectionType<...> | ... 1 more ... | undefined, options?: (QueryOptions<...> & Abortable) | undefined): Query<...>', gave the following error.
    Type 'string' is not assignable to type 'Condition<ApplyBasicQueryCasting<ObjectId>> | undefined'.
  Overload 2 of 4, '(filter?: Query<any, any, {}, unknown, "find", Record<string, never>> | undefined, projection?: ProjectionType<ISale> | null | undefined, options?: (QueryOptions<...> & Abortable) | undefined): Query<...>', gave the following error.
    Object literal may only specify known properties, and 'storeId' does not exist in type 'Query<any, any, {}, unknown, "find", Record<string, never>>'.
lib/actions/supplier.actions.ts(36,7): error TS2769: No overload matches this call.
  The last overload gave the following error.
    Type 'ObjectId' has no properties in common with type '{ readonly schemaName?: "ObjectId" | undefined; auto?: ((turnOn: boolean) => ObjectId) | undefined; $conditionalHandlers?: { [x: string]: ((val: any, context: any) => any) | undefined; } | undefined; ... 23 more ...; validateAll?: ((validators: (RegExp | ... 1 more ... | ValidatorFunction<...>)[]) => ObjectId) | und...'.
lib/models/customer.models.ts(8,13): error TS2322: Type 'string' is not assignable to type '(ref: string | boolean | Model<any, {}, {}, {}, any, any, any>) => ObjectId'.
lib/models/customer.models.ts(9,13): error TS2322: Type 'boolean' is not assignable to type '(required: boolean, message?: string | undefined) => ObjectId'.
lib/models/customer.models.ts(17,9): error TS2322: Type '{ type: StringConstructor; required: true; }' is not assignable to type 'string'.
lib/models/customer.models.ts(21,9): error TS2322: Type '{ type: StringConstructor; default: null; lowercase: true; }' is not assignable to type 'string'.
lib/models/customer.models.ts(26,9): error TS2322: Type '{ type: StringConstructor; default: null; }' is not assignable to type 'string'.
lib/models/customer.models.ts(30,9): error TS2322: Type '{ type: StringConstructor; default: null; }' is not assignable to type 'string'.
lib/models/customer.models.ts(34,9): error TS2322: Type '{ type: NumberConstructor; default: number; min: number; }' is not assignable to type 'number'.
lib/models/customer.models.ts(39,9): error TS2322: Type '{ type: NumberConstructor; default: number; min: number; }' is not assignable to type 'number'.
lib/models/customer.models.ts(45,13): error TS2353: Object literal may only specify known properties, and 'type' does not exist in type 'Date'.
lib/models/notification.models.ts(11,9): error TS2353: Object literal may only specify known properties, and 'branchId' does not exist in type '{ _id?: SchemaDefinitionProperty<string, INotification, Document<unknown, {}, INotification, { id: string; }, ResolveSchemaOptions<DefaultSchemaOptions>> & Omit<...> & { ...; }> | undefined; ... 68 more ...; validateSync?: SchemaDefinitionProperty<...> | undefined; }'.
lib/models/offline-sale.models.ts(11,9): error TS2353: Object literal may only specify known properties, and 'branchId' does not exist in type '{ _id?: SchemaDefinitionProperty<string, IOfflineSale, Document<unknown, {}, IOfflineSale, { id: string; }, ResolveSchemaOptions<DefaultSchemaOptions>> & Omit<...> & { ...; }> | undefined; ... 66 more ...; validateSync?: SchemaDefinitionProperty<...> | undefined; }'.
lib/models/sale.models.ts(11,9): error TS2353: Object literal may only specify known properties, and 'branchId' does not exist in type '{ _id?: SchemaDefinitionProperty<string, ISale, Document<unknown, {}, ISale, { id: string; }, ResolveSchemaOptions<DefaultSchemaOptions>> & Omit<...> & { ...; }> | undefined; ... 75 more ...; validateSync?: SchemaDefinitionProperty<...> | undefined; }'.
lib/models/social-post.models.ts(11,9): error TS2353: Object literal may only specify known properties, and 'branchId' does not exist in type '{ _id?: SchemaDefinitionProperty<string, ISocialPost, Document<unknown, {}, ISocialPost, { id: string; }, ResolveSchemaOptions<DefaultSchemaOptions>> & Omit<...> & { ...; }> | undefined; ... 69 more ...; validateSync?: SchemaDefinitionProperty<...> | undefined; }'.
lib/utils/offline-sales.ts(31,11): error TS7034: Variable 'results' implicitly has type 'any[]' in some locations where its type cannot be determined.
lib/utils/offline-sales.ts(59,45): error TS7006: Parameter 'sale' implicitly has an 'any' type.
lib/utils/offline-sales.ts(60,8): error TS7005: Variable 'results' implicitly has an 'any[]' type.
